# vim: ft=yaml
command: "docker -v 2>/dev/null ; echo __SPLIT__ ; sudo docker ps -a --no-trunc 2>/dev/null ; echo __SPLIT__ ; cat /proc/self/mountinfo 2>/dev/null"

expected:
  - docker_version: "Docker version 1.13.1, build 092cba3"

  - relname: "docker_containers"
    maps:
      - id: "4f2e3c742f4f1d54fbe3eb86d378627a96c59bd05c1f8c4f867eb2060be0171f"
        modname: "ZenPacks.zenoss.Docker.DockerContainer"
        title: "k8s_dns-controller_dns-controller-5cbcd846f9-r8km7_kube-system_c568bedb-0d13-11e8-b83e-0267931fa8b6_0"
        image: "kope/dns-controller@sha256:97f80ad43ff833b254907a0341c7fe34748e007515004cf0da09727c5442f53b"
        command: "\"/usr/bin/dns-controller --watch-ingress=false --dns=gossip --gossip-seed=127.0.0.1:3999 --zone=*/* -v=2\""
        created: "40 minutes ago"
        ports: ""
        cgroup_path: "/sys/fs/cgroup"

      - id: "91bd7d905685984cb986156636c87c2cc45bf75a2fa4a341e6f876ffae154a68"
        modname: "ZenPacks.zenoss.Docker.DockerContainer"
        title: "k8s_POD_dns-controller-5cbcd846f9-r8km7_kube-system_c568bedb-0d13-11e8-b83e-0267931fa8b6_0"
        image: "gcr.io/google_containers/pause-amd64:3.0"
        command: "\"/pause\""
        created: "41 minutes ago"
        ports: ""
        cgroup_path: "/sys/fs/cgroup"

      - id: "ce56193cdac7a26e9ec80e8099b1033819c50705627a1247672eb64a4f4bc042"
        modname: "ZenPacks.zenoss.Docker.DockerContainer"
        title: "k8s_etcd-container_etcd-server-events-ip-172-20-54-17.ec2.internal_kube-system_d291a7c4584f864ad771c279f501226b_0"
        image: "gcr.io/google_containers/etcd@sha256:19544a655157fb089b62d4dac02bbd095f82ca245dd5e31dd1684d175b109947"
        command: "\"/bin/sh -c '/usr/local/bin/etcd 2>&1 | /bin/tee -a /var/log/etcd.log'\""
        created: "42 minutes ago"
        ports: ""
        cgroup_path: "/sys/fs/cgroup"

      - id: "3aa35b7f84789c681444430fb22cf0591b126b610774a84c828f6b632d5ae806"
        modname: "ZenPacks.zenoss.Docker.DockerContainer"
        title: "k8s_kube-proxy_kube-proxy-ip-172-20-54-17.ec2.internal_kube-system_be7ce701e54caaf75dcc19fcdc7eb5bb_0"
        image: "gcr.io/google_containers/kube-proxy@sha256:4dc8aefa2bfe010b5cd820de67e03493a37489696f71339da604de47815ec00a"
        command: "\"/bin/sh -c '/usr/local/bin/kube-proxy --cluster-cidr=100.96.0.0/11 --conntrack-max-per-core=131072 --hostname-override=ip-172-20-54-17.ec2.internal --kubeconfig=/var/lib/kube-proxy/kubeconfig --master=https://127.0.0.1 --oom-score-adj=-998 --resource-container=\\\"\\\" --v=2 2>&1 | /usr/bin/tee -a /var/log/kube-proxy.log'\""
        created: "42 minutes ago"
        ports: ""
        cgroup_path: "/sys/fs/cgroup"

      - id: "ae1b68661a64df089501c1f455eec44c07ae891d5272d02c98fe63bec9a1475f"
        modname: "ZenPacks.zenoss.Docker.DockerContainer"
        title: "k8s_etcd-container_etcd-server-ip-172-20-54-17.ec2.internal_kube-system_0db13284a988626a3691585593cee6fa_0"
        image: "gcr.io/google_containers/etcd@sha256:19544a655157fb089b62d4dac02bbd095f82ca245dd5e31dd1684d175b109947"
        command: "\"/bin/sh -c '/usr/local/bin/etcd 2>&1 | /bin/tee -a /var/log/etcd.log'\""
        created: "42 minutes ago"
        ports: ""
        cgroup_path: "/sys/fs/cgroup"

      - id: "c699903676052404e0ba754eb7f43c21e36b6833568bbd0f42191ba4ca8bcb05"
        modname: "ZenPacks.zenoss.Docker.DockerContainer"
        title: "k8s_kube-scheduler_kube-scheduler-ip-172-20-54-17.ec2.internal_kube-system_cae1661ea6d72df63c1db473df0cfab8_0"
        image: "gcr.io/google_containers/kube-scheduler@sha256:4dcf7b2872bd9086ce236535bf03d2077252aebedbcad5de324042edd428f478"
        command: "\"/bin/sh -c '/usr/local/bin/kube-scheduler --kubeconfig=/var/lib/kube-scheduler/kubeconfig --leader-elect=true --v=2 2>&1 | /bin/tee -a /var/log/kube-scheduler.log'\""
        created: "42 minutes ago"
        ports: ""
        cgroup_path: "/sys/fs/cgroup"

      - id: "cff2a01ebe258d4a77bb2f037ec6a323f5518250e937797df2190bf42ed6d53d"
        modname: "ZenPacks.zenoss.Docker.DockerContainer"
        title: "k8s_kube-apiserver_kube-apiserver-ip-172-20-54-17.ec2.internal_kube-system_94d22b056814f1dd76157ab3970e3bd3_0"
        image: "gcr.io/google_containers/kube-apiserver@sha256:f0658f0c3344abaae3217d6e08612ea8816a0cdeea1fdd48776dd55d07f17d30"
        command: "\"/bin/sh -c '/usr/local/bin/kube-apiserver --address=127.0.0.1 --admission-control=Initializers,NamespaceLifecycle,LimitRanger,ServiceAccount,PersistentVolumeLabel,DefaultStorageClass,DefaultTolerationSeconds,NodeRestriction,Priority,ResourceQuota --allow-privileged=true --anonymous-auth=false --apiserver-count=1 --authorization-mode=AlwaysAllow --basic-auth-file=/srv/kubernetes/basic_auth.csv --client-ca-file=/srv/kubernetes/ca.crt --cloud-provider=aws --etcd-servers-overrides=/events#http://127.0.0.1:4002 --etcd-servers=http://127.0.0.1:4001 --insecure-port=8080 --kubelet-preferred-address-types=InternalIP,Hostname,ExternalIP --proxy-client-cert-file=/srv/kubernetes/apiserver-aggregator.cert --proxy-client-key-file=/srv/kubernetes/apiserver-aggregator.key --requestheader-allowed-names=aggregator --requestheader-client-ca-file=/srv/kubernetes/apiserver-aggregator-ca.cert --requestheader-extra-headers-prefix=X-Remote-Extra- --requestheader-group-headers=X-Remote-Group --requestheader-username-headers=X-Remote-User --secure-port=443 --service-cluster-ip-range=100.64.0.0/13 --storage-backend=etcd2 --tls-cert-file=/srv/kubernetes/server.cert --tls-private-key-file=/srv/kubernetes/server.key --token-auth-file=/srv/kubernetes/known_tokens.csv --v=2 2>&1 | /bin/tee -a /var/log/kube-apiserver.log'\""
        created: "42 minutes ago"
        ports: ""
        cgroup_path: "/sys/fs/cgroup"

      - id: "9d2919d80e851414e1fb63f395e2b91b7a5a97117122a819d9d25bdcfdd8e77a"
        modname: "ZenPacks.zenoss.Docker.DockerContainer"
        title: "k8s_kube-controller-manager_kube-controller-manager-ip-172-20-54-17.ec2.internal_kube-system_13b92a993591a89c5e20f9facf926675_0"
        image: "gcr.io/google_containers/kube-controller-manager@sha256:f06b0a323511a8d5a0c47c4229c3580390a5232761eade11bbe9356739356514"
        command: "\"/bin/sh -c '/usr/local/bin/kube-controller-manager --allocate-node-cidrs=true --attach-detach-reconcile-sync-period=1m0s --cloud-provider=aws --cluster-cidr=100.96.0.0/11 --cluster-name=cluther-kops.k8s.local --cluster-signing-cert-file=/srv/kubernetes/ca.crt --cluster-signing-key-file=/srv/kubernetes/ca.key --configure-cloud-routes=true --kubeconfig=/var/lib/kube-controller-manager/kubeconfig --leader-elect=true --root-ca-file=/srv/kubernetes/ca.crt --service-account-private-key-file=/srv/kubernetes/server.key --use-service-account-credentials=true --v=2 2>&1 | /bin/tee -a /var/log/kube-controller-manager.log'\""
        created: "42 minutes ago"
        ports: ""
        cgroup_path: "/sys/fs/cgroup"

      - id: "bc96cba9431214475a6df4449a92cb4fc6597f562e42f1747973881bd7d24c4f"
        modname: "ZenPacks.zenoss.Docker.DockerContainer"
        title: "k8s_POD_etcd-server-events-ip-172-20-54-17.ec2.internal_kube-system_d291a7c4584f864ad771c279f501226b_0"
        image: "gcr.io/google_containers/pause-amd64:3.0"
        command: "\"/pause\""
        created: "42 minutes ago"
        ports: ""
        cgroup_path: "/sys/fs/cgroup"

      - id: "9243cbcb485b8a22b06f728512757109e7f56e664b5e3829f9e2320083480b55"
        modname: "ZenPacks.zenoss.Docker.DockerContainer"
        title: "k8s_POD_kube-proxy-ip-172-20-54-17.ec2.internal_kube-system_be7ce701e54caaf75dcc19fcdc7eb5bb_0"
        image: "gcr.io/google_containers/pause-amd64:3.0"
        command: "\"/pause\""
        created: "42 minutes ago"
        ports: ""
        cgroup_path: "/sys/fs/cgroup"

      - id: "09d24a0e2e8b1126baec2e56d2ac38385b1b2b86e33b9057b23f09d24e88280e"
        modname: "ZenPacks.zenoss.Docker.DockerContainer"
        title: "k8s_POD_etcd-server-ip-172-20-54-17.ec2.internal_kube-system_0db13284a988626a3691585593cee6fa_0"
        image: "gcr.io/google_containers/pause-amd64:3.0"
        command: "\"/pause\""
        created: "42 minutes ago"
        ports: ""
        cgroup_path: "/sys/fs/cgroup"

      - id: "01bf0e1a8259b3566551fa291111fc6eff7be7f8e6b4cf35d20e8a239ca33729"
        modname: "ZenPacks.zenoss.Docker.DockerContainer"
        title: "k8s_POD_kube-scheduler-ip-172-20-54-17.ec2.internal_kube-system_cae1661ea6d72df63c1db473df0cfab8_0"
        image: "gcr.io/google_containers/pause-amd64:3.0"
        command: "\"/pause\""
        created: "42 minutes ago"
        ports: ""
        cgroup_path: "/sys/fs/cgroup"

      - id: "843aa491210d9c36cef53b3ace9a971d9fcca0179853e4506b1862e51a36637a"
        modname: "ZenPacks.zenoss.Docker.DockerContainer"
        title: "k8s_POD_kube-apiserver-ip-172-20-54-17.ec2.internal_kube-system_94d22b056814f1dd76157ab3970e3bd3_0"
        image: "gcr.io/google_containers/pause-amd64:3.0"
        command: "\"/pause\""
        created: "42 minutes ago"
        ports: ""
        cgroup_path: "/sys/fs/cgroup"

      - id: "dd9bd5fbd9cb9d537b16205884fe992a6eecccdfd4c5110204b7c3a87c17816a"
        modname: "ZenPacks.zenoss.Docker.DockerContainer"
        title: "k8s_POD_kube-controller-manager-ip-172-20-54-17.ec2.internal_kube-system_13b92a993591a89c5e20f9facf926675_0"
        image: "gcr.io/google_containers/pause-amd64:3.0"
        command: "\"/pause\""
        created: "42 minutes ago"
        ports: ""
        cgroup_path: "/sys/fs/cgroup"

      - id: "3ff9816e10c63f71da516aa931130848fd1ce7b4b75f4e71a872b8e12e27b821"
        modname: "ZenPacks.zenoss.Docker.DockerContainer"
        title: "cranky_minsky"
        image: "protokube:1.8.0"
        command: "\"/usr/bin/protokube --channels=s3://cluther-kops-k8s-local-state-store/cluther-kops.k8s.local/addons/bootstrap-channel.yaml --cloud=aws --containerized=true --dns-internal-suffix=internal.cluther-kops.k8s.local --dns=gossip --etcd-image=gcr.io/google_containers/etcd:2.2.1 --initialize-rbac=true --master=true --v=4\""
        created: "42 minutes ago"
        ports: ""
        cgroup_path: "/sys/fs/cgroup"
